default Order dec







































$sail_internal 






enum e2 = {GHI, JKL}

struct s1 = {fA : int, fB : e2}

struct s3 = {fE : s1, fF : int}

val undefined_s3 : unit -> s3

val f : int -> int

val k : int -> int

function k x = {
    var s : s3 = undefined_s3();
    s = { s with fF = x };
    f(s.fF)
}
